// Jest Snapshot v1, https://goo.gl/fbAQLP

exports[`feature: \`duck\` reducer initial state should match a snapshot 1`] = `
Object {
  "distance": 0,
  "quacking": false,
}
`;
